// Jest Snapshot v1, https://goo.gl/fbAQLP

exports[`BarGraph component tests renders properly 1`] = `
<div
  className="recharts-responsive-container"
  style={
    Object {
      "height": "100%",
      "maxHeight": undefined,
      "minHeight": undefined,
      "minWidth": undefined,
      "width": "100%",
    }
  }
/>
`;
