// Jest Snapshot v1, https://goo.gl/fbAQLP

exports[`ArrowNavigation component tests renders properly 1`] = `
<div
  className="MuiGrid-root makeStyles-arrowNavigation-1 MuiGrid-item MuiGrid-grid-xs-12"
>
  <svg
    aria-hidden={true}
    className="MuiSvgIcon-root"
    data-testid="back-arrow"
    focusable="false"
    onClick={[Function]}
    viewBox="0 0 24 24"
  >
    <path
      d="M20 11H7.83l5.59-5.59L12 4l-8 8 8 8 1.41-1.41L7.83 13H20v-2z"
    />
  </svg>
  <svg
    aria-hidden={true}
    className="MuiSvgIcon-root"
    data-testid="forward-arrow"
    focusable="false"
    onClick={[Function]}
    viewBox="0 0 24 24"
  >
    <path
      d="M12 4l-1.41 1.41L16.17 11H4v2h12.17l-5.58 5.59L12 20l8-8z"
    />
  </svg>
</div>
`;
